app/data/mock-data.ts(244,3): error TS2820: Type '"customer"' is not assignable to type '"CUSTOMER" | "ORGANIZER"'. Did you mean '"CUSTOMER"'?
app/data/mock-data.ts(255,3): error TS2820: Type '"organizer"' is not assignable to type '"CUSTOMER" | "ORGANIZER"'. Did you mean '"ORGANIZER"'?
app/routes/events-page.tsx(46,17): error TS2367: This comparison appears to be unintentional because the types 'EventCategory' and '"all"' have no overlap.
app/routes/events-page.tsx(58,5): error TS2367: This comparison appears to be unintentional because the types 'EventCategory' and '"all"' have no overlap.
app/routes/events-page.tsx(65,7): error TS2322: Type '"all"' is not assignable to type 'EventCategory'.
app/routes/events-page.tsx(123,56): error TS2322: Type '"all" | EventCategory' is not assignable to type 'EventCategory | undefined'.
  Type '"all"' is not assignable to type 'EventCategory | undefined'.
app/routes/events-page.tsx(193,56): error TS2322: Type '"all" | EventCategory' is not assignable to type 'EventCategory | undefined'.
  Type '"all"' is not assignable to type 'EventCategory | undefined'.
